<?xml version="1.0" encoding="utf-8"?>
<TileMap version="1.0.0" tilemapservice="http://localhost:5000/tms/1.0.0">
	<Title>World Countries</Title>
	<Abstract/>
	<SRS>OSGEO:41001</SRS>
	<BoundingBox minx="-20037508.342789" miny="-20037508.342789" maxx="20037508.342789" maxy="20037508.342789"/>
	<Origin x="-20037508.342789" y="-20037508.342789"/>
	<TileFormat width="256" height="256" mime-type="image/png" extension="png"/>
	<TileSets profile="global-mercator">
		<TileSet href="http://localhost:5000/tms/1.0.0/world-countries/0" units-per-pixel="156543.03392803908" order="0"/>
		<TileSet href="http://localhost:5000/tms/1.0.0/world-countries/1" units-per-pixel="78271.51696401954" order="1"/>
		<TileSet href="http://localhost:5000/tms/1.0.0/world-countries/2" units-per-pixel="39135.75848200977" order="2"/>
		<TileSet href="http://localhost:5000/tms/1.0.0/world-countries/3" units-per-pixel="19567.879241004885" order="3"/>
		<TileSet href="http://localhost:5000/tms/1.0.0/world-countries/4" units-per-pixel="9783.939620502442" order="4"/>
		<TileSet href="http://localhost:5000/tms/1.0.0/world-countries/5" units-per-pixel="4891.969810251221" order="5"/>
		<TileSet href="http://localhost:5000/tms/1.0.0/world-countries/6" units-per-pixel="2445.9849051256106" order="6"/>
		<TileSet href="http://localhost:5000/tms/1.0.0/world-countries/7" units-per-pixel="1222.9924525628053" order="7"/>
		<TileSet href="http://localhost:5000/tms/1.0.0/world-countries/8" units-per-pixel="611.4962262814026" order="8"/>
		<TileSet href="http://localhost:5000/tms/1.0.0/world-countries/9" units-per-pixel="305.7481131407013" order="9"/>
		<TileSet href="http://localhost:5000/tms/1.0.0/world-countries/10" units-per-pixel="152.87405657035066" order="10"/>
		<TileSet href="http://localhost:5000/tms/1.0.0/world-countries/11" units-per-pixel="76.43702828517533" order="11"/>
		<TileSet href="http://localhost:5000/tms/1.0.0/world-countries/12" units-per-pixel="38.218514142587665" order="12"/>
		<TileSet href="http://localhost:5000/tms/1.0.0/world-countries/13" units-per-pixel="19.109257071293833" order="13"/>
		<TileSet href="http://localhost:5000/tms/1.0.0/world-countries/14" units-per-pixel="9.554628535646916" order="14"/>
		<TileSet href="http://localhost:5000/tms/1.0.0/world-countries/15" units-per-pixel="4.777314267823458" order="15"/>
		<TileSet href="http://localhost:5000/tms/1.0.0/world-countries/16" units-per-pixel="2.388657133911729" order="16"/>
		<TileSet href="http://localhost:5000/tms/1.0.0/world-countries/17" units-per-pixel="1.1943285669558645" order="17"/>
		<TileSet href="http://localhost:5000/tms/1.0.0/world-countries/18" units-per-pixel="0.5971642834779323" order="18"/>
	</TileSets>
</TileMap>