<?xml version="1.0" encoding="utf-8"?>
<TileMap version="1.0.0" tilemapservice="http://localhost:5000/tms/1.0.0">
	<Title>Tile Source 3</Title>
	<Abstract/>
	<SRS>OSGEO:41001</SRS>
	<BoundingBox minx="-20037508.342789" miny="-20037508.342789" maxx="20037508.342789" maxy="20037508.342789"/>
	<Origin x="-20037508.342789" y="-20037508.342789"/>
	<TileFormat width="256" height="256" mime-type="image/png" extension="png"/>
	<TileSets profile="global-mercator">
		<TileSet href="http://localhost:5000/tms/1.0.0/source3/0" order="0" units-per-pixel="156543.03392803908"/>
		<TileSet href="http://localhost:5000/tms/1.0.0/source3/1" order="1" units-per-pixel="78271.51696401954"/>
		<TileSet href="http://localhost:5000/tms/1.0.0/source3/2" order="2" units-per-pixel="39135.75848200977"/>
	</TileSets>
</TileMap>