<?xml version="1.0" encoding="utf-8"?>
<Services>
	<TileMapService title="WMTS Service" version="1.0.0" href="http://localhost:5000/tms/1.0.0/"/>
</Services>