<?xml version="1.0" encoding="utf-8"?>
<Capabilities xmlns:ows="http://www.opengis.net/ows/1.1" xmlns:xlink="http://www.w3.org/1999/xlink" xmlns:xsi="http://www.w3.org/2001/XMLSchema-instance" xmlns:gml="http://www.opengis.net/gml" version="1.0.0" xmlns="http://www.opengis.net/wmts/1.0">
	<ows:ServiceIdentification>
		<ows:Title>WMTS Service</ows:Title>
		<ows:Abstract></ows:Abstract>
		<ows:Keywords />
		<ows:ServiceType>OGC WMTS</ows:ServiceType>
		<ows:ServiceTypeVersion>1.0.0</ows:ServiceTypeVersion>
	</ows:ServiceIdentification>
	<ows:ServiceProvider>
		<ows:ServiceContact>
			<ows:ContactInfo></ows:ContactInfo>
		</ows:ServiceContact>
	</ows:ServiceProvider>
	<ows:OperationsMetadata>
		<ows:Operation name="GetCapabilities">
			<ows:DCP>
				<ows:HTTP>
					<ows:Get xlink:href="http://localhost:5000/wmts/1.0.0/WMTSCapabilities.xml">
						<ows:Constraint name="GetEncoding">
							<ows:AllowedValues>
								<ows:Value>RESTful</ows:Value>
							</ows:AllowedValues>
						</ows:Constraint>
					</ows:Get>
					<ows:Get xlink:href="http://localhost:5000/wmts?">
						<ows:Constraint name="GetEncoding">
							<ows:AllowedValues>
								<ows:Value>KVP</ows:Value>
							</ows:AllowedValues>
						</ows:Constraint>
					</ows:Get>
				</ows:HTTP>
			</ows:DCP>
		</ows:Operation>
		<ows:Operation name="GetTile">
			<ows:DCP>
				<ows:HTTP>
					<ows:Get xlink:href="http://localhost:5000/wmts/tile/1.0.0/">
						<ows:Constraint name="GetEncoding">
							<ows:AllowedValues>
								<ows:Value>RESTful</ows:Value>
							</ows:AllowedValues>
						</ows:Constraint>
					</ows:Get>
					<ows:Get xlink:href="http://localhost:5000/wmts?">
						<ows:Constraint name="GetEncoding">
							<ows:AllowedValues>
								<ows:Value>KVP</ows:Value>
							</ows:AllowedValues>
						</ows:Constraint>
					</ows:Get>
				</ows:HTTP>
			</ows:DCP>
		</ows:Operation>
	</ows:OperationsMetadata>
	<Contents>
		<Layer>
			<ows:Title>World Countries</ows:Title>
			<ows:Abstract />
			<ows:Identifier>world-countries</ows:Identifier>
			<Style isDefault="true">
				<ows:Identifier>normal</ows:Identifier>
			</Style>
			<Format>image/png</Format>
			<ows:WGS84BoundingBox>
				<ows:LowerCorner>-180.000000 -85.05112878</ows:LowerCorner>
				<ows:UpperCorner>180.000000 85.05112878</ows:UpperCorner>
			</ows:WGS84BoundingBox>
			<TileMatrixSetLink>
				<TileMatrixSet>google3857_0-18</TileMatrixSet>
			</TileMatrixSetLink>
			<ResourceURL format="image/png" template="http://localhost:5000/wmts/tile/1.0.0/world-countries/{Style}/{TileMatrixSet}/{TileMatrix}/{TileRow}/{TileCol}.png" resourceType="tile"/>
		</Layer>
		<TileMatrixSet>
			<ows:Identifier>google3857_0-18</ows:Identifier>
			<ows:BoundingBox crs="urn:ogc:def:crs:EPSG::3857">
				<ows:LowerCorner>-20037508.342789 -20037508.342789</ows:LowerCorner>
				<ows:UpperCorner>20037508.342789 20037508.342789</ows:UpperCorner>
			</ows:BoundingBox>
			<ows:SupportedCRS>urn:ogc:def:crs:EPSG::3857</ows:SupportedCRS>
			<WellKnownScaleSet>urn:ogc:def:wkss:OGC:1.0:GoogleMapsCompatible</WellKnownScaleSet>
			<TileMatrix>
				<ows:Identifier>0</ows:Identifier>
				<ScaleDenominator>559082264.0287179</ScaleDenominator>
				<TopLeftCorner>-20037508.342789 20037508.342789</TopLeftCorner>
				<TileWidth>256</TileWidth>
				<TileHeight>256</TileHeight>
				<MatrixWidth>1</MatrixWidth>
				<MatrixHeight>1</MatrixHeight>
			</TileMatrix>
			<TileMatrix>
				<ows:Identifier>1</ows:Identifier>
				<ScaleDenominator>279541132.01435894</ScaleDenominator>
				<TopLeftCorner>-20037508.342789 20037508.342789</TopLeftCorner>
				<TileWidth>256</TileWidth>
				<TileHeight>256</TileHeight>
				<MatrixWidth>2</MatrixWidth>
				<MatrixHeight>2</MatrixHeight>
			</TileMatrix>
			<TileMatrix>
				<ows:Identifier>2</ows:Identifier>
				<ScaleDenominator>139770566.00717947</ScaleDenominator>
				<TopLeftCorner>-20037508.342789 20037508.342789</TopLeftCorner>
				<TileWidth>256</TileWidth>
				<TileHeight>256</TileHeight>
				<MatrixWidth>4</MatrixWidth>
				<MatrixHeight>4</MatrixHeight>
			</TileMatrix>
			<TileMatrix>
				<ows:Identifier>3</ows:Identifier>
				<ScaleDenominator>69885283.00358973</ScaleDenominator>
				<TopLeftCorner>-20037508.342789 20037508.342789</TopLeftCorner>
				<TileWidth>256</TileWidth>
				<TileHeight>256</TileHeight>
				<MatrixWidth>8</MatrixWidth>
				<MatrixHeight>8</MatrixHeight>
			</TileMatrix>
			<TileMatrix>
				<ows:Identifier>4</ows:Identifier>
				<ScaleDenominator>34942641.50179487</ScaleDenominator>
				<TopLeftCorner>-20037508.342789 20037508.342789</TopLeftCorner>
				<TileWidth>256</TileWidth>
				<TileHeight>256</TileHeight>
				<MatrixWidth>16</MatrixWidth>
				<MatrixHeight>16</MatrixHeight>
			</TileMatrix>
			<TileMatrix>
				<ows:Identifier>5</ows:Identifier>
				<ScaleDenominator>17471320.750897434</ScaleDenominator>
				<TopLeftCorner>-20037508.342789 20037508.342789</TopLeftCorner>
				<TileWidth>256</TileWidth>
				<TileHeight>256</TileHeight>
				<MatrixWidth>32</MatrixWidth>
				<MatrixHeight>32</MatrixHeight>
			</TileMatrix>
			<TileMatrix>
				<ows:Identifier>6</ows:Identifier>
				<ScaleDenominator>8735660.375448717</ScaleDenominator>
				<TopLeftCorner>-20037508.342789 20037508.342789</TopLeftCorner>
				<TileWidth>256</TileWidth>
				<TileHeight>256</TileHeight>
				<MatrixWidth>64</MatrixWidth>
				<MatrixHeight>64</MatrixHeight>
			</TileMatrix>
			<TileMatrix>
				<ows:Identifier>7</ows:Identifier>
				<ScaleDenominator>4367830.187724358</ScaleDenominator>
				<TopLeftCorner>-20037508.342789 20037508.342789</TopLeftCorner>
				<TileWidth>256</TileWidth>
				<TileHeight>256</TileHeight>
				<MatrixWidth>128</MatrixWidth>
				<MatrixHeight>128</MatrixHeight>
			</TileMatrix>
			<TileMatrix>
				<ows:Identifier>8</ows:Identifier>
				<ScaleDenominator>2183915.093862179</ScaleDenominator>
				<TopLeftCorner>-20037508.342789 20037508.342789</TopLeftCorner>
				<TileWidth>256</TileWidth>
				<TileHeight>256</TileHeight>
				<MatrixWidth>256</MatrixWidth>
				<MatrixHeight>256</MatrixHeight>
			</TileMatrix>
			<TileMatrix>
				<ows:Identifier>9</ows:Identifier>
				<ScaleDenominator>1091957.5469310896</ScaleDenominator>
				<TopLeftCorner>-20037508.342789 20037508.342789</TopLeftCorner>
				<TileWidth>256</TileWidth>
				<TileHeight>256</TileHeight>
				<MatrixWidth>512</MatrixWidth>
				<MatrixHeight>512</MatrixHeight>
			</TileMatrix>
			<TileMatrix>
				<ows:Identifier>10</ows:Identifier>
				<ScaleDenominator>545978.7734655448</ScaleDenominator>
				<TopLeftCorner>-20037508.342789 20037508.342789</TopLeftCorner>
				<TileWidth>256</TileWidth>
				<TileHeight>256</TileHeight>
				<MatrixWidth>1024</MatrixWidth>
				<MatrixHeight>1024</MatrixHeight>
			</TileMatrix>
			<TileMatrix>
				<ows:Identifier>11</ows:Identifier>
				<ScaleDenominator>272989.3867327724</ScaleDenominator>
				<TopLeftCorner>-20037508.342789 20037508.342789</TopLeftCorner>
				<TileWidth>256</TileWidth>
				<TileHeight>256</TileHeight>
				<MatrixWidth>2048</MatrixWidth>
				<MatrixHeight>2048</MatrixHeight>
			</TileMatrix>
			<TileMatrix>
				<ows:Identifier>12</ows:Identifier>
				<ScaleDenominator>136494.6933663862</ScaleDenominator>
				<TopLeftCorner>-20037508.342789 20037508.342789</TopLeftCorner>
				<TileWidth>256</TileWidth>
				<TileHeight>256</TileHeight>
				<MatrixWidth>4096</MatrixWidth>
				<MatrixHeight>4096</MatrixHeight>
			</TileMatrix>
			<TileMatrix>
				<ows:Identifier>13</ows:Identifier>
				<ScaleDenominator>68247.3466831931</ScaleDenominator>
				<TopLeftCorner>-20037508.342789 20037508.342789</TopLeftCorner>
				<TileWidth>256</TileWidth>
				<TileHeight>256</TileHeight>
				<MatrixWidth>8192</MatrixWidth>
				<MatrixHeight>8192</MatrixHeight>
			</TileMatrix>
			<TileMatrix>
				<ows:Identifier>14</ows:Identifier>
				<ScaleDenominator>34123.67334159655</ScaleDenominator>
				<TopLeftCorner>-20037508.342789 20037508.342789</TopLeftCorner>
				<TileWidth>256</TileWidth>
				<TileHeight>256</TileHeight>
				<MatrixWidth>16384</MatrixWidth>
				<MatrixHeight>16384</MatrixHeight>
			</TileMatrix>
			<TileMatrix>
				<ows:Identifier>15</ows:Identifier>
				<ScaleDenominator>17061.836670798275</ScaleDenominator>
				<TopLeftCorner>-20037508.342789 20037508.342789</TopLeftCorner>
				<TileWidth>256</TileWidth>
				<TileHeight>256</TileHeight>
				<MatrixWidth>32768</MatrixWidth>
				<MatrixHeight>32768</MatrixHeight>
			</TileMatrix>
			<TileMatrix>
				<ows:Identifier>16</ows:Identifier>
				<ScaleDenominator>8530.918335399138</ScaleDenominator>
				<TopLeftCorner>-20037508.342789 20037508.342789</TopLeftCorner>
				<TileWidth>256</TileWidth>
				<TileHeight>256</TileHeight>
				<MatrixWidth>65536</MatrixWidth>
				<MatrixHeight>65536</MatrixHeight>
			</TileMatrix>
			<TileMatrix>
				<ows:Identifier>17</ows:Identifier>
				<ScaleDenominator>4265.459167699569</ScaleDenominator>
				<TopLeftCorner>-20037508.342789 20037508.342789</TopLeftCorner>
				<TileWidth>256</TileWidth>
				<TileHeight>256</TileHeight>
				<MatrixWidth>131072</MatrixWidth>
				<MatrixHeight>131072</MatrixHeight>
			</TileMatrix>
			<TileMatrix>
				<ows:Identifier>18</ows:Identifier>
				<ScaleDenominator>2132.7295838497844</ScaleDenominator>
				<TopLeftCorner>-20037508.342789 20037508.342789</TopLeftCorner>
				<TileWidth>256</TileWidth>
				<TileHeight>256</TileHeight>
				<MatrixWidth>262144</MatrixWidth>
				<MatrixHeight>262144</MatrixHeight>
			</TileMatrix>
		</TileMatrixSet>
		<Layer>
			<ows:Title>World Satellite Imagery</ows:Title>
			<ows:Abstract />
			<ows:Identifier>world-satellite-imagery</ows:Identifier>
			<Style isDefault="true">
				<ows:Identifier>normal</ows:Identifier>
			</Style>
			<Format>image/jpeg</Format>
			<ows:WGS84BoundingBox>
				<ows:LowerCorner>-180.000000 -85.05112878</ows:LowerCorner>
				<ows:UpperCorner>180.000000 85.05112878</ows:UpperCorner>
			</ows:WGS84BoundingBox>
			<TileMatrixSetLink>
				<TileMatrixSet>google3857_0-5</TileMatrixSet>
			</TileMatrixSetLink>
			<ResourceURL format="image/jpeg" template="http://localhost:5000/wmts/tile/1.0.0/world-satellite-imagery/{Style}/{TileMatrixSet}/{TileMatrix}/{TileRow}/{TileCol}.jpg" resourceType="tile"/>
		</Layer>
		<TileMatrixSet>
			<ows:Identifier>google3857_0-5</ows:Identifier>
			<ows:BoundingBox crs="urn:ogc:def:crs:EPSG::3857">
				<ows:LowerCorner>-20037508.342789 -20037508.342789</ows:LowerCorner>
				<ows:UpperCorner>20037508.342789 20037508.342789</ows:UpperCorner>
			</ows:BoundingBox>
			<ows:SupportedCRS>urn:ogc:def:crs:EPSG::3857</ows:SupportedCRS>
			<WellKnownScaleSet>urn:ogc:def:wkss:OGC:1.0:GoogleMapsCompatible</WellKnownScaleSet>
			<TileMatrix>
				<ows:Identifier>0</ows:Identifier>
				<ScaleDenominator>559082264.0287179</ScaleDenominator>
				<TopLeftCorner>-20037508.342789 20037508.342789</TopLeftCorner>
				<TileWidth>256</TileWidth>
				<TileHeight>256</TileHeight>
				<MatrixWidth>1</MatrixWidth>
				<MatrixHeight>1</MatrixHeight>
			</TileMatrix>
			<TileMatrix>
				<ows:Identifier>1</ows:Identifier>
				<ScaleDenominator>279541132.01435894</ScaleDenominator>
				<TopLeftCorner>-20037508.342789 20037508.342789</TopLeftCorner>
				<TileWidth>256</TileWidth>
				<TileHeight>256</TileHeight>
				<MatrixWidth>2</MatrixWidth>
				<MatrixHeight>2</MatrixHeight>
			</TileMatrix>
			<TileMatrix>
				<ows:Identifier>2</ows:Identifier>
				<ScaleDenominator>139770566.00717947</ScaleDenominator>
				<TopLeftCorner>-20037508.342789 20037508.342789</TopLeftCorner>
				<TileWidth>256</TileWidth>
				<TileHeight>256</TileHeight>
				<MatrixWidth>4</MatrixWidth>
				<MatrixHeight>4</MatrixHeight>
			</TileMatrix>
			<TileMatrix>
				<ows:Identifier>3</ows:Identifier>
				<ScaleDenominator>69885283.00358973</ScaleDenominator>
				<TopLeftCorner>-20037508.342789 20037508.342789</TopLeftCorner>
				<TileWidth>256</TileWidth>
				<TileHeight>256</TileHeight>
				<MatrixWidth>8</MatrixWidth>
				<MatrixHeight>8</MatrixHeight>
			</TileMatrix>
			<TileMatrix>
				<ows:Identifier>4</ows:Identifier>
				<ScaleDenominator>34942641.50179487</ScaleDenominator>
				<TopLeftCorner>-20037508.342789 20037508.342789</TopLeftCorner>
				<TileWidth>256</TileWidth>
				<TileHeight>256</TileHeight>
				<MatrixWidth>16</MatrixWidth>
				<MatrixHeight>16</MatrixHeight>
			</TileMatrix>
			<TileMatrix>
				<ows:Identifier>5</ows:Identifier>
				<ScaleDenominator>17471320.750897434</ScaleDenominator>
				<TopLeftCorner>-20037508.342789 20037508.342789</TopLeftCorner>
				<TileWidth>256</TileWidth>
				<TileHeight>256</TileHeight>
				<MatrixWidth>32</MatrixWidth>
				<MatrixHeight>32</MatrixHeight>
			</TileMatrix>
		</TileMatrixSet>
		<Layer>
			<ows:Title>Caspian Sea</ows:Title>
			<ows:Abstract />
			<ows:Identifier>caspian-sea</ows:Identifier>
			<Style isDefault="true">
				<ows:Identifier>normal</ows:Identifier>
			</Style>
			<Format>image/png</Format>
			<ows:WGS84BoundingBox>
				<ows:LowerCorner>46.4012447459838 35.7953042655815</ows:LowerCorner>
				<ows:UpperCorner>55.0644489289475 47.4044636344185</ows:UpperCorner>
			</ows:WGS84BoundingBox>
			<TileMatrixSetLink>
				<TileMatrixSet>google3857_5-10</TileMatrixSet>
			</TileMatrixSetLink>
			<ResourceURL format="image/png" template="http://localhost:5000/wmts/tile/1.0.0/caspian-sea/{Style}/{TileMatrixSet}/{TileMatrix}/{TileRow}/{TileCol}.png" resourceType="tile"/>
		</Layer>
		<TileMatrixSet>
			<ows:Identifier>google3857_5-10</ows:Identifier>
			<ows:BoundingBox crs="urn:ogc:def:crs:EPSG::3857">
				<ows:LowerCorner>-20037508.342789 -20037508.342789</ows:LowerCorner>
				<ows:UpperCorner>20037508.342789 20037508.342789</ows:UpperCorner>
			</ows:BoundingBox>
			<ows:SupportedCRS>urn:ogc:def:crs:EPSG::3857</ows:SupportedCRS>
			<WellKnownScaleSet>urn:ogc:def:wkss:OGC:1.0:GoogleMapsCompatible</WellKnownScaleSet>
			<TileMatrix>
				<ows:Identifier>5</ows:Identifier>
				<ScaleDenominator>17471320.750897434</ScaleDenominator>
				<TopLeftCorner>-20037508.342789 20037508.342789</TopLeftCorner>
				<TileWidth>256</TileWidth>
				<TileHeight>256</TileHeight>
				<MatrixWidth>32</MatrixWidth>
				<MatrixHeight>32</MatrixHeight>
			</TileMatrix>
			<TileMatrix>
				<ows:Identifier>6</ows:Identifier>
				<ScaleDenominator>8735660.375448717</ScaleDenominator>
				<TopLeftCorner>-20037508.342789 20037508.342789</TopLeftCorner>
				<TileWidth>256</TileWidth>
				<TileHeight>256</TileHeight>
				<MatrixWidth>64</MatrixWidth>
				<MatrixHeight>64</MatrixHeight>
			</TileMatrix>
			<TileMatrix>
				<ows:Identifier>7</ows:Identifier>
				<ScaleDenominator>4367830.187724358</ScaleDenominator>
				<TopLeftCorner>-20037508.342789 20037508.342789</TopLeftCorner>
				<TileWidth>256</TileWidth>
				<TileHeight>256</TileHeight>
				<MatrixWidth>128</MatrixWidth>
				<MatrixHeight>128</MatrixHeight>
			</TileMatrix>
			<TileMatrix>
				<ows:Identifier>8</ows:Identifier>
				<ScaleDenominator>2183915.093862179</ScaleDenominator>
				<TopLeftCorner>-20037508.342789 20037508.342789</TopLeftCorner>
				<TileWidth>256</TileWidth>
				<TileHeight>256</TileHeight>
				<MatrixWidth>256</MatrixWidth>
				<MatrixHeight>256</MatrixHeight>
			</TileMatrix>
			<TileMatrix>
				<ows:Identifier>9</ows:Identifier>
				<ScaleDenominator>1091957.5469310896</ScaleDenominator>
				<TopLeftCorner>-20037508.342789 20037508.342789</TopLeftCorner>
				<TileWidth>256</TileWidth>
				<TileHeight>256</TileHeight>
				<MatrixWidth>512</MatrixWidth>
				<MatrixHeight>512</MatrixHeight>
			</TileMatrix>
			<TileMatrix>
				<ows:Identifier>10</ows:Identifier>
				<ScaleDenominator>545978.7734655448</ScaleDenominator>
				<TopLeftCorner>-20037508.342789 20037508.342789</TopLeftCorner>
				<TileWidth>256</TileWidth>
				<TileHeight>256</TileHeight>
				<MatrixWidth>1024</MatrixWidth>
				<MatrixHeight>1024</MatrixHeight>
			</TileMatrix>
		</TileMatrixSet>
		<Layer>
			<ows:Title>Tile Source 3</ows:Title>
			<ows:Abstract />
			<ows:Identifier>source3</ows:Identifier>
			<Style isDefault="true">
				<ows:Identifier>normal</ows:Identifier>
			</Style>
			<Format>image/png</Format>
			<ows:WGS84BoundingBox>
				<ows:LowerCorner>-180.000000 -85.05112878</ows:LowerCorner>
				<ows:UpperCorner>180.000000 85.05112878</ows:UpperCorner>
			</ows:WGS84BoundingBox>
			<TileMatrixSetLink>
				<TileMatrixSet>google3857_0-2</TileMatrixSet>
			</TileMatrixSetLink>
			<ResourceURL format="image/png" template="http://localhost:5000/wmts/tile/1.0.0/source3/{Style}/{TileMatrixSet}/{TileMatrix}/{TileRow}/{TileCol}.png" resourceType="tile"/>
		</Layer>
		<TileMatrixSet>
			<ows:Identifier>google3857_0-2</ows:Identifier>
			<ows:BoundingBox crs="urn:ogc:def:crs:EPSG::3857">
				<ows:LowerCorner>-20037508.342789 -20037508.342789</ows:LowerCorner>
				<ows:UpperCorner>20037508.342789 20037508.342789</ows:UpperCorner>
			</ows:BoundingBox>
			<ows:SupportedCRS>urn:ogc:def:crs:EPSG::3857</ows:SupportedCRS>
			<WellKnownScaleSet>urn:ogc:def:wkss:OGC:1.0:GoogleMapsCompatible</WellKnownScaleSet>
			<TileMatrix>
				<ows:Identifier>0</ows:Identifier>
				<ScaleDenominator>559082264.0287179</ScaleDenominator>
				<TopLeftCorner>-20037508.342789 20037508.342789</TopLeftCorner>
				<TileWidth>256</TileWidth>
				<TileHeight>256</TileHeight>
				<MatrixWidth>1</MatrixWidth>
				<MatrixHeight>1</MatrixHeight>
			</TileMatrix>
			<TileMatrix>
				<ows:Identifier>1</ows:Identifier>
				<ScaleDenominator>279541132.01435894</ScaleDenominator>
				<TopLeftCorner>-20037508.342789 20037508.342789</TopLeftCorner>
				<TileWidth>256</TileWidth>
				<TileHeight>256</TileHeight>
				<MatrixWidth>2</MatrixWidth>
				<MatrixHeight>2</MatrixHeight>
			</TileMatrix>
			<TileMatrix>
				<ows:Identifier>2</ows:Identifier>
				<ScaleDenominator>139770566.00717947</ScaleDenominator>
				<TopLeftCorner>-20037508.342789 20037508.342789</TopLeftCorner>
				<TileWidth>256</TileWidth>
				<TileHeight>256</TileHeight>
				<MatrixWidth>4</MatrixWidth>
				<MatrixHeight>4</MatrixHeight>
			</TileMatrix>
		</TileMatrixSet>
		<Layer>
			<ows:Title>HTTP proxy to world-countries</ows:Title>
			<ows:Abstract />
			<ows:Identifier>httpproxy</ows:Identifier>
			<Style isDefault="true">
				<ows:Identifier>normal</ows:Identifier>
			</Style>
			<Format>image/png</Format>
			<ows:WGS84BoundingBox>
				<ows:LowerCorner>-180.000000 -85.05112878</ows:LowerCorner>
				<ows:UpperCorner>180.000000 85.05112878</ows:UpperCorner>
			</ows:WGS84BoundingBox>
			<TileMatrixSetLink>
				<TileMatrixSet>google3857_0-2</TileMatrixSet>
			</TileMatrixSetLink>
			<ResourceURL format="image/png" template="http://localhost:5000/wmts/tile/1.0.0/httpproxy/{Style}/{TileMatrixSet}/{TileMatrix}/{TileRow}/{TileCol}.png" resourceType="tile"/>
		</Layer>
	</Contents>
</Capabilities>